collect_rc=0
Traceback (most recent call last):
  File "/home/qq/fleet-board/collect.py", line 197, in <module>
    main()
  File "/home/qq/fleet-board/collect.py", line 194, in main
    subprocess.run(["git", "-C", str(ROOT), "push", "-q", "origin", "HEAD:main"], capture_output=True, timeout=120)
  File "/usr/lib/python3.10/subprocess.py", line 505, in run
    stdout, stderr = process.communicate(input, timeout=timeout)
  File "/usr/lib/python3.10/subprocess.py", line 1154, in communicate
    stdout, stderr = self._communicate(input, endtime, timeout)
  File "/usr/lib/python3.10/subprocess.py", line 2022, in _communicate
    self._check_timeout(endtime, orig_timeout, stdout, stderr)
  File "/usr/lib/python3.10/subprocess.py", line 1198, in _check_timeout
    raise TimeoutExpired(
subprocess.TimeoutExpired: Command '['git', '-C', '/home/qq/fleet-board', 'push', '-q', 'origin', 'HEAD:main']' timed out after 120 seconds
Traceback (most recent call last):
  File "/home/qq/fleet-board/collect.py", line 197, in <module>
    main()
  File "/home/qq/fleet-board/collect.py", line 194, in main
    subprocess.run(["git", "-C", str(ROOT), "push", "-q", "origin", "HEAD:main"], capture_output=True, timeout=120)
  File "/usr/lib/python3.10/subprocess.py", line 505, in run
    stdout, stderr = process.communicate(input, timeout=timeout)
  File "/usr/lib/python3.10/subprocess.py", line 1154, in communicate
    stdout, stderr = self._communicate(input, endtime, timeout)
  File "/usr/lib/python3.10/subprocess.py", line 2022, in _communicate
    self._check_timeout(endtime, orig_timeout, stdout, stderr)
  File "/usr/lib/python3.10/subprocess.py", line 1198, in _check_timeout
    raise TimeoutExpired(
subprocess.TimeoutExpired: Command '['git', '-C', '/home/qq/fleet-board', 'push', '-q', 'origin', 'HEAD:main']' timed out after 120 seconds
Traceback (most recent call last):
  File "/home/qq/fleet-board/collect.py", line 197, in <module>
    main()
  File "/home/qq/fleet-board/collect.py", line 194, in main
    subprocess.run(["git", "-C", str(ROOT), "push", "-q", "origin", "HEAD:main"], capture_output=True, timeout=120)
  File "/usr/lib/python3.10/subprocess.py", line 505, in run
    stdout, stderr = process.communicate(input, timeout=timeout)
  File "/usr/lib/python3.10/subprocess.py", line 1154, in communicate
    stdout, stderr = self._communicate(input, endtime, timeout)
  File "/usr/lib/python3.10/subprocess.py", line 2022, in _communicate
    self._check_timeout(endtime, orig_timeout, stdout, stderr)
  File "/usr/lib/python3.10/subprocess.py", line 1198, in _check_timeout
    raise TimeoutExpired(
subprocess.TimeoutExpired: Command '['git', '-C', '/home/qq/fleet-board', 'push', '-q', 'origin', 'HEAD:main']' timed out after 120 seconds
Traceback (most recent call last):
  File "/home/qq/fleet-board/collect.py", line 197, in <module>
    main()
  File "/home/qq/fleet-board/collect.py", line 194, in main
    subprocess.run(["git", "-C", str(ROOT), "push", "-q", "origin", "HEAD:main"], capture_output=True, timeout=120)
  File "/usr/lib/python3.10/subprocess.py", line 505, in run
    stdout, stderr = process.communicate(input, timeout=timeout)
  File "/usr/lib/python3.10/subprocess.py", line 1154, in communicate
    stdout, stderr = self._communicate(input, endtime, timeout)
  File "/usr/lib/python3.10/subprocess.py", line 2022, in _communicate
    self._check_timeout(endtime, orig_timeout, stdout, stderr)
  File "/usr/lib/python3.10/subprocess.py", line 1198, in _check_timeout
    raise TimeoutExpired(
subprocess.TimeoutExpired: Command '['git', '-C', '/home/qq/fleet-board', 'push', '-q', 'origin', 'HEAD:main']' timed out after 120 seconds
Traceback (most recent call last):
  File "/home/qq/fleet-board/collect.py", line 197, in <module>
    main()
  File "/home/qq/fleet-board/collect.py", line 194, in main
    subprocess.run(["git", "-C", str(ROOT), "push", "-q", "origin", "HEAD:main"], capture_output=True, timeout=120)
  File "/usr/lib/python3.10/subprocess.py", line 505, in run
    stdout, stderr = process.communicate(input, timeout=timeout)
  File "/usr/lib/python3.10/subprocess.py", line 1154, in communicate
    stdout, stderr = self._communicate(input, endtime, timeout)
  File "/usr/lib/python3.10/subprocess.py", line 2022, in _communicate
    self._check_timeout(endtime, orig_timeout, stdout, stderr)
  File "/usr/lib/python3.10/subprocess.py", line 1198, in _check_timeout
    raise TimeoutExpired(
subprocess.TimeoutExpired: Command '['git', '-C', '/home/qq/fleet-board', 'push', '-q', 'origin', 'HEAD:main']' timed out after 120 seconds
Traceback (most recent call last):
  File "/home/qq/fleet-board/collect.py", line 197, in <module>
    main()
  File "/home/qq/fleet-board/collect.py", line 194, in main
    subprocess.run(["git", "-C", str(ROOT), "push", "-q", "origin", "HEAD:main"], capture_output=True, timeout=120)
  File "/usr/lib/python3.10/subprocess.py", line 505, in run
    stdout, stderr = process.communicate(input, timeout=timeout)
  File "/usr/lib/python3.10/subprocess.py", line 1154, in communicate
    stdout, stderr = self._communicate(input, endtime, timeout)
  File "/usr/lib/python3.10/subprocess.py", line 2022, in _communicate
    self._check_timeout(endtime, orig_timeout, stdout, stderr)
  File "/usr/lib/python3.10/subprocess.py", line 1198, in _check_timeout
    raise TimeoutExpired(
subprocess.TimeoutExpired: Command '['git', '-C', '/home/qq/fleet-board', 'push', '-q', 'origin', 'HEAD:main']' timed out after 120 seconds
Traceback (most recent call last):
  File "/home/qq/fleet-board/collect.py", line 197, in <module>
    main()
  File "/home/qq/fleet-board/collect.py", line 194, in main
    subprocess.run(["git", "-C", str(ROOT), "push", "-q", "origin", "HEAD:main"], capture_output=True, timeout=120)
  File "/usr/lib/python3.10/subprocess.py", line 505, in run
    stdout, stderr = process.communicate(input, timeout=timeout)
  File "/usr/lib/python3.10/subprocess.py", line 1154, in communicate
    stdout, stderr = self._communicate(input, endtime, timeout)
  File "/usr/lib/python3.10/subprocess.py", line 2022, in _communicate
    self._check_timeout(endtime, orig_timeout, stdout, stderr)
  File "/usr/lib/python3.10/subprocess.py", line 1198, in _check_timeout
    raise TimeoutExpired(
subprocess.TimeoutExpired: Command '['git', '-C', '/home/qq/fleet-board', 'push', '-q', 'origin', 'HEAD:main']' timed out after 120 seconds
Traceback (most recent call last):
  File "/home/qq/fleet-board/collect.py", line 197, in <module>
    main()
  File "/home/qq/fleet-board/collect.py", line 194, in main
    subprocess.run(["git", "-C", str(ROOT), "push", "-q", "origin", "HEAD:main"], capture_output=True, timeout=120)
  File "/usr/lib/python3.10/subprocess.py", line 505, in run
    stdout, stderr = process.communicate(input, timeout=timeout)
  File "/usr/lib/python3.10/subprocess.py", line 1154, in communicate
    stdout, stderr = self._communicate(input, endtime, timeout)
  File "/usr/lib/python3.10/subprocess.py", line 2022, in _communicate
    self._check_timeout(endtime, orig_timeout, stdout, stderr)
  File "/usr/lib/python3.10/subprocess.py", line 1198, in _check_timeout
    raise TimeoutExpired(
subprocess.TimeoutExpired: Command '['git', '-C', '/home/qq/fleet-board', 'push', '-q', 'origin', 'HEAD:main']' timed out after 120 seconds
Traceback (most recent call last):
  File "/home/qq/fleet-board/collect.py", line 197, in <module>
    main()
  File "/home/qq/fleet-board/collect.py", line 194, in main
    subprocess.run(["git", "-C", str(ROOT), "push", "-q", "origin", "HEAD:main"], capture_output=True, timeout=120)
  File "/usr/lib/python3.10/subprocess.py", line 505, in run
    stdout, stderr = process.communicate(input, timeout=timeout)
  File "/usr/lib/python3.10/subprocess.py", line 1154, in communicate
    stdout, stderr = self._communicate(input, endtime, timeout)
  File "/usr/lib/python3.10/subprocess.py", line 2022, in _communicate
    self._check_timeout(endtime, orig_timeout, stdout, stderr)
  File "/usr/lib/python3.10/subprocess.py", line 1198, in _check_timeout
    raise TimeoutExpired(
subprocess.TimeoutExpired: Command '['git', '-C', '/home/qq/fleet-board', 'push', '-q', 'origin', 'HEAD:main']' timed out after 120 seconds
Traceback (most recent call last):
  File "/home/qq/fleet-board/collect.py", line 197, in <module>
    main()
  File "/home/qq/fleet-board/collect.py", line 194, in main
    subprocess.run(["git", "-C", str(ROOT), "push", "-q", "origin", "HEAD:main"], capture_output=True, timeout=120)
  File "/usr/lib/python3.10/subprocess.py", line 505, in run
    stdout, stderr = process.communicate(input, timeout=timeout)
  File "/usr/lib/python3.10/subprocess.py", line 1154, in communicate
    stdout, stderr = self._communicate(input, endtime, timeout)
  File "/usr/lib/python3.10/subprocess.py", line 2022, in _communicate
    self._check_timeout(endtime, orig_timeout, stdout, stderr)
  File "/usr/lib/python3.10/subprocess.py", line 1198, in _check_timeout
    raise TimeoutExpired(
subprocess.TimeoutExpired: Command '['git', '-C', '/home/qq/fleet-board', 'push', '-q', 'origin', 'HEAD:main']' timed out after 120 seconds
Traceback (most recent call last):
  File "/home/qq/fleet-board/collect.py", line 197, in <module>
    main()
  File "/home/qq/fleet-board/collect.py", line 194, in main
    subprocess.run(["git", "-C", str(ROOT), "push", "-q", "origin", "HEAD:main"], capture_output=True, timeout=120)
  File "/usr/lib/python3.10/subprocess.py", line 505, in run
    stdout, stderr = process.communicate(input, timeout=timeout)
  File "/usr/lib/python3.10/subprocess.py", line 1154, in communicate
    stdout, stderr = self._communicate(input, endtime, timeout)
  File "/usr/lib/python3.10/subprocess.py", line 2022, in _communicate
    self._check_timeout(endtime, orig_timeout, stdout, stderr)
  File "/usr/lib/python3.10/subprocess.py", line 1198, in _check_timeout
    raise TimeoutExpired(
subprocess.TimeoutExpired: Command '['git', '-C', '/home/qq/fleet-board', 'push', '-q', 'origin', 'HEAD:main']' timed out after 120 seconds
Traceback (most recent call last):
  File "/home/qq/fleet-board/collect.py", line 197, in <module>
    main()
  File "/home/qq/fleet-board/collect.py", line 194, in main
    subprocess.run(["git", "-C", str(ROOT), "push", "-q", "origin", "HEAD:main"], capture_output=True, timeout=120)
  File "/usr/lib/python3.10/subprocess.py", line 505, in run
    stdout, stderr = process.communicate(input, timeout=timeout)
  File "/usr/lib/python3.10/subprocess.py", line 1154, in communicate
    stdout, stderr = self._communicate(input, endtime, timeout)
  File "/usr/lib/python3.10/subprocess.py", line 2022, in _communicate
    self._check_timeout(endtime, orig_timeout, stdout, stderr)
  File "/usr/lib/python3.10/subprocess.py", line 1198, in _check_timeout
    raise TimeoutExpired(
subprocess.TimeoutExpired: Command '['git', '-C', '/home/qq/fleet-board', 'push', '-q', 'origin', 'HEAD:main']' timed out after 120 seconds
Traceback (most recent call last):
  File "/home/qq/fleet-board/collect.py", line 197, in <module>
    main()
  File "/home/qq/fleet-board/collect.py", line 194, in main
    subprocess.run(["git", "-C", str(ROOT), "push", "-q", "origin", "HEAD:main"], capture_output=True, timeout=120)
  File "/usr/lib/python3.10/subprocess.py", line 505, in run
    stdout, stderr = process.communicate(input, timeout=timeout)
  File "/usr/lib/python3.10/subprocess.py", line 1154, in communicate
    stdout, stderr = self._communicate(input, endtime, timeout)
  File "/usr/lib/python3.10/subprocess.py", line 2022, in _communicate
    self._check_timeout(endtime, orig_timeout, stdout, stderr)
  File "/usr/lib/python3.10/subprocess.py", line 1198, in _check_timeout
    raise TimeoutExpired(
subprocess.TimeoutExpired: Command '['git', '-C', '/home/qq/fleet-board', 'push', '-q', 'origin', 'HEAD:main']' timed out after 120 seconds
Traceback (most recent call last):
  File "/home/qq/fleet-board/collect.py", line 197, in <module>
    main()
  File "/home/qq/fleet-board/collect.py", line 194, in main
    subprocess.run(["git", "-C", str(ROOT), "push", "-q", "origin", "HEAD:main"], capture_output=True, timeout=120)
  File "/usr/lib/python3.10/subprocess.py", line 505, in run
    stdout, stderr = process.communicate(input, timeout=timeout)
  File "/usr/lib/python3.10/subprocess.py", line 1154, in communicate
    stdout, stderr = self._communicate(input, endtime, timeout)
  File "/usr/lib/python3.10/subprocess.py", line 2022, in _communicate
    self._check_timeout(endtime, orig_timeout, stdout, stderr)
  File "/usr/lib/python3.10/subprocess.py", line 1198, in _check_timeout
    raise TimeoutExpired(
subprocess.TimeoutExpired: Command '['git', '-C', '/home/qq/fleet-board', 'push', '-q', 'origin', 'HEAD:main']' timed out after 120 seconds
Traceback (most recent call last):
  File "/home/qq/fleet-board/collect.py", line 197, in <module>
    main()
  File "/home/qq/fleet-board/collect.py", line 194, in main
    subprocess.run(["git", "-C", str(ROOT), "push", "-q", "origin", "HEAD:main"], capture_output=True, timeout=120)
  File "/usr/lib/python3.10/subprocess.py", line 505, in run
    stdout, stderr = process.communicate(input, timeout=timeout)
  File "/usr/lib/python3.10/subprocess.py", line 1154, in communicate
    stdout, stderr = self._communicate(input, endtime, timeout)
  File "/usr/lib/python3.10/subprocess.py", line 2022, in _communicate
    self._check_timeout(endtime, orig_timeout, stdout, stderr)
  File "/usr/lib/python3.10/subprocess.py", line 1198, in _check_timeout
    raise TimeoutExpired(
subprocess.TimeoutExpired: Command '['git', '-C', '/home/qq/fleet-board', 'push', '-q', 'origin', 'HEAD:main']' timed out after 120 seconds
Traceback (most recent call last):
  File "/home/qq/fleet-board/collect.py", line 197, in <module>
    main()
  File "/home/qq/fleet-board/collect.py", line 194, in main
    subprocess.run(["git", "-C", str(ROOT), "push", "-q", "origin", "HEAD:main"], capture_output=True, timeout=120)
  File "/usr/lib/python3.10/subprocess.py", line 505, in run
    stdout, stderr = process.communicate(input, timeout=timeout)
  File "/usr/lib/python3.10/subprocess.py", line 1154, in communicate
    stdout, stderr = self._communicate(input, endtime, timeout)
  File "/usr/lib/python3.10/subprocess.py", line 2022, in _communicate
    self._check_timeout(endtime, orig_timeout, stdout, stderr)
  File "/usr/lib/python3.10/subprocess.py", line 1198, in _check_timeout
    raise TimeoutExpired(
subprocess.TimeoutExpired: Command '['git', '-C', '/home/qq/fleet-board', 'push', '-q', 'origin', 'HEAD:main']' timed out after 120 seconds
Traceback (most recent call last):
  File "/home/qq/fleet-board/collect.py", line 197, in <module>
    main()
  File "/home/qq/fleet-board/collect.py", line 194, in main
    subprocess.run(["git", "-C", str(ROOT), "push", "-q", "origin", "HEAD:main"], capture_output=True, timeout=120)
  File "/usr/lib/python3.10/subprocess.py", line 505, in run
    stdout, stderr = process.communicate(input, timeout=timeout)
  File "/usr/lib/python3.10/subprocess.py", line 1154, in communicate
    stdout, stderr = self._communicate(input, endtime, timeout)
  File "/usr/lib/python3.10/subprocess.py", line 2022, in _communicate
    self._check_timeout(endtime, orig_timeout, stdout, stderr)
  File "/usr/lib/python3.10/subprocess.py", line 1198, in _check_timeout
    raise TimeoutExpired(
subprocess.TimeoutExpired: Command '['git', '-C', '/home/qq/fleet-board', 'push', '-q', 'origin', 'HEAD:main']' timed out after 120 seconds
Traceback (most recent call last):
  File "/home/qq/fleet-board/collect.py", line 197, in <module>
    main()
  File "/home/qq/fleet-board/collect.py", line 194, in main
    subprocess.run(["git", "-C", str(ROOT), "push", "-q", "origin", "HEAD:main"], capture_output=True, timeout=120)
  File "/usr/lib/python3.10/subprocess.py", line 505, in run
    stdout, stderr = process.communicate(input, timeout=timeout)
  File "/usr/lib/python3.10/subprocess.py", line 1154, in communicate
    stdout, stderr = self._communicate(input, endtime, timeout)
  File "/usr/lib/python3.10/subprocess.py", line 2022, in _communicate
    self._check_timeout(endtime, orig_timeout, stdout, stderr)
  File "/usr/lib/python3.10/subprocess.py", line 1198, in _check_timeout
    raise TimeoutExpired(
subprocess.TimeoutExpired: Command '['git', '-C', '/home/qq/fleet-board', 'push', '-q', 'origin', 'HEAD:main']' timed out after 120 seconds
